// Vitest Snapshot v1, https://vitest.dev/guide/snapshot.html

exports[`ProfileCard > matches snapshot 1`] = `
<div
  class="border-0 p-2 card"
  data-testid="profile-card"
>
  <div
    class="d-flex "
  >
    <img
      class="my-3 border border-primary border-2 rounded-circle"
      height="48"
      width="48"
    />
    <div
      class="card-body"
    >
      <div
        class="fs-6 card-title h5"
      >
        Mossie Murphy
      </div>
      <button
        class="btn btn-primary"
        type="button"
      >
        See profile
      </button>
    </div>
  </div>
</div>
`;
